---
source: azure-pipelines-analyzer/src/syntax/parser/tests.rs
expression: parse
---
Parse {
    node: Root@0..5
      DirectiveToken@0..1 "%"
      DirectiveName@1..5 "YAML"
      Error@5..5 ""
    ,
    errors: [],
}
