---
source: azure-pipelines-analyzer/src/syntax/parser/tests.rs
expression: parse
---
Parse {
    node: Root@0..25
      Directive@0..25
        DirectiveToken@0..1 "%"
        DirectiveName@1..4 "TAG"
        InlineSeparator@4..5 " "
        NamedTagHandle@5..11 "!yaml!"
        InlineSeparator@11..12 " "
        TagPrefix@12..13 "!"
        Error@13..25 "ภาษา"
    ,
    errors: [
        Diagnostic {
            span: 13..25,
            severity: Error,
            message: "expected end of line",
        },
    ],
}
