---
source: azure-pipelines-analyzer/src/syntax/parser/tests.rs
expression: parse
---
Parse {
    node: Root@0..13
      Directive@0..13
        DirectiveToken@0..1 "%"
        DirectiveName@1..4 "TAG"
        InlineSeparator@4..5 " "
        NamedTagHandle@5..11 "!yaml!"
        InlineSeparator@11..12 " "
        Error@12..13 "]"
    ,
    errors: [],
}
