---
source: azure-pipelines-analyzer/src/syntax/parser/tests.rs
expression: parse
---
Parse {
    node: Root@0..11
      Directive@0..11
        DirectiveToken@0..1 "%"
        DirectiveName@1..5 "YAML"
        InlineSeparator@5..6 " "
        Error@6..11 "1.foo"
    ,
    errors: [],
}
