---
source: azure-pipelines-analyzer/src/syntax/parser/tests.rs
expression: parse
---
Parse {
    node: Root@0..21
      Directive@0..21
        DirectiveToken@0..1 "%"
        DirectiveName@1..5 "YAML"
        InlineSeparator@5..6 " "
        YamlVersion@6..13 "100.200"
        Error@13..21 "#comment"
    ,
    errors: [],
}
