---
source: azure-pipelines-analyzer/src/syntax/parser/tests.rs
expression: parse
---
Parse {
    node: Root@0..3
      DirectiveToken@0..1 "%"
      Error@1..3 "  "
    ,
    errors: [
        Diagnostic {
            span: 1..3,
            severity: Error,
            message: "expected directive name",
        },
    ],
}
