---
source: azure-pipelines-analyzer/src/syntax/parser/tests.rs
expression: parse
---
Parse {
    node: Root@0..13
      Directive@0..13
        DirectiveToken@0..1 "%"
        ReservedDirective@1..13
          DirectiveName@1..4 "DIR"
          InlineSeparator@4..5 " "
          DirectiveParameter@5..13 "arg1#arg"
    ,
    errors: [],
}
