---
source: azure-pipelines-analyzer/src/syntax/parser/tests.rs
expression: parse
---
Parse {
    node: Root@0..13
      Directive@0..13
        DirectiveToken@0..1 "%"
        YamlDirective@1..13
          DirectiveName@1..5 "YAML"
          InlineSeparator@5..6 " "
          YamlVersion@6..13 "100.200"
    ,
    errors: [],
}
