---
source: azure-pipelines-analyzer/src/syntax/parser/tests.rs
expression: parse
---
Parse {
    node: Root@0..19
      Directive@0..19
        DirectiveToken@0..1 "%"
        DirectiveName@1..4 "TAG"
        InlineSeparator@4..5 " "
        NamedTagHandle@5..11 "!yaml!"
        InlineSeparator@11..12 " "
        Error@12..13 "}"
        InlineSeparator@13..14 " "
        Error@14..19 "error"
    ,
    errors: [],
}
