---
source: azure-pipelines-analyzer/src/syntax/parser/tests.rs
expression: parse
---
Parse {
    node: Root@0..6
      DirectiveToken@0..1 "%"
      DirectiveName@1..4 "TAG"
      InlineSeparator@4..5 " "
      PrimaryTagHandle@5..6 "!"
      Error@6..6 ""
    ,
    errors: [],
}
