---
source: azure-pipelines-analyzer/src/syntax/parser/tests.rs
expression: parse
---
Parse {
    node: Root@0..30
      Directive@0..30
        DirectiveToken@0..1 "%"
        TagDirective@1..30
          DirectiveName@1..4 "TAG"
          InlineSeparator@4..5 " "
          TagToken@5..6 "!"
          NamedTagHandle@6..10 "yaml"
          TagToken@10..11 "!"
          InlineSeparator@11..12 " "
          TagPrefix@12..30 "tag:yaml.org,2002:"
    ,
    errors: [],
}
