---
source: azure-pipelines-analyzer/src/syntax/parser/tests.rs
expression: parser.finish()
---
Parse {
    node: Root@0..9
      Directive@0..9
        DirectiveToken@0..1 "%"
        DirectiveName@1..4 "DIR"
        InlineSeparator@4..5 " "
        DirectiveParameter@5..9 "arg1"
    ,
    errors: [],
}
